{
  "exclude": {
    "files": "(pnpm-lock\\.yaml|uv\\.lock|tests/fixtures/keys/|docs/CDISC/|docs/NCI/)",
    "lines": null
  },
  "filters_used": [
    {
      "path": "detect_secrets.filters.allowlist.is_line_allowlisted"
    },
    {
      "filename": ".secrets.baseline",
      "path": "detect_secrets.filters.common.is_baseline_file"
    },
    {
      "min_level": 2,
      "path": "detect_secrets.filters.common.is_ignored_due_to_verification_policies"
    },
    {
      "path": "detect_secrets.filters.heuristic.is_indirect_reference"
    },
    {
      "path": "detect_secrets.filters.heuristic.is_likely_id_string"
    },
    {
      "path": "detect_secrets.filters.heuristic.is_lock_file"
    },
    {
      "path": "detect_secrets.filters.heuristic.is_not_alphanumeric_string"
    },
    {
      "path": "detect_secrets.filters.heuristic.is_potential_uuid"
    },
    {
      "path": "detect_secrets.filters.heuristic.is_prefixed_with_dollar_sign"
    },
    {
      "path": "detect_secrets.filters.heuristic.is_sequential_string"
    },
    {
      "path": "detect_secrets.filters.heuristic.is_swagger_file"
    },
    {
      "path": "detect_secrets.filters.heuristic.is_templated_secret"
    }
  ],
  "plugins_used": [
    {
      "name": "ArtifactoryDetector"
    },
    {
      "name": "AWSKeyDetector"
    },
    {
      "name": "AzureStorageKeyDetector"
    },
    {
      "limit": 4.5,
      "name": "Base64HighEntropyString"
    },
    {
      "name": "BasicAuthDetector"
    },
    {
      "name": "CloudantDetector"
    },
    {
      "name": "DiscordBotTokenDetector"
    },
    {
      "name": "GitHubTokenDetector"
    },
    {
      "name": "GitLabTokenDetector"
    },
    {
      "limit": 3.0,
      "name": "HexHighEntropyString"
    },
    {
      "name": "IbmCloudIamDetector"
    },
    {
      "name": "IbmCosHmacDetector"
    },
    {
      "name": "IPPublicDetector"
    },
    {
      "name": "JwtTokenDetector"
    },
    {
      "keyword_exclude": "",
      "name": "KeywordDetector"
    },
    {
      "name": "MailchimpDetector"
    },
    {
      "name": "NpmDetector"
    },
    {
      "name": "OpenAIDetector"
    },
    {
      "name": "PrivateKeyDetector"
    },
    {
      "name": "PypiTokenDetector"
    },
    {
      "name": "SendGridDetector"
    },
    {
      "name": "SlackDetector"
    },
    {
      "name": "SoftlayerDetector"
    },
    {
      "name": "SquareOAuthDetector"
    },
    {
      "name": "StripeDetector"
    },
    {
      "name": "TelegramBotTokenDetector"
    },
    {
      "name": "TwilioKeyDetector"
    }
  ],
  "results": {
    ".env.example": [
      {
        "filename": ".env.example",
        "hashed_secret": "a3ad66aaca59ab0f238dfa02c4e2dc9329a607d9",
        "is_verified": false,
        "type": "Basic Auth Credentials"
      }
    ],
    ".github/workflows/ci.yml": [
      {
        "filename": ".github/workflows/ci.yml",
        "hashed_secret": "a3ad66aaca59ab0f238dfa02c4e2dc9329a607d9",
        "is_verified": false,
        "type": "Basic Auth Credentials"
      },
      {
        "filename": ".github/workflows/ci.yml",
        "hashed_secret": "a3ad66aaca59ab0f238dfa02c4e2dc9329a607d9",
        "is_verified": false,
        "type": "Secret Keyword"
      }
    ],
    "apps/ctms/tests/test_site_startup.py": [
      {
        "filename": "apps/ctms/tests/test_site_startup.py",
        "hashed_secret": "ef678205593788329ff416ce5c65fa04f33a05bd",
        "is_verified": false,
        "type": "Hex High Entropy String"
      }
    ],
    "apps/econsent/tests/test_econsent_api_endpoints.py": [
      {
        "filename": "apps/econsent/tests/test_econsent_api_endpoints.py",
        "hashed_secret": "4e66b6c05ec775583989e0b76b09bbc821f4bde7",
        "is_verified": false,
        "type": "Base64 High Entropy String"
      },
      {
        "filename": "apps/econsent/tests/test_econsent_api_endpoints.py",
        "hashed_secret": "6740d1ecb48c5c9ca3b2a3cb1ca2f4b4d4487473",
        "is_verified": false,
        "type": "Hex High Entropy String"
      }
    ],
    "apps/econsent/tests/test_econsent_cdisc_odm.py": [
      {
        "filename": "apps/econsent/tests/test_econsent_cdisc_odm.py",
        "hashed_secret": "be99024cdecc2ea61ef7b0ce3fb4fcb3df20a95b",
        "is_verified": false,
        "type": "Hex High Entropy String"
      },
      {
        "filename": "apps/econsent/tests/test_econsent_cdisc_odm.py",
        "hashed_secret": "c4bb0105f068258c1b685f222fc4bf606acb152a",
        "is_verified": false,
        "type": "Hex High Entropy String"
      }
    ],
    "apps/econsent/tests/test_econsent_document_renderer.py": [
      {
        "filename": "apps/econsent/tests/test_econsent_document_renderer.py",
        "hashed_secret": "5791c047441b4fb78a1b09e58b77f33f6ddb3ca1",
        "is_verified": false,
        "type": "Hex High Entropy String"
      },
      {
        "filename": "apps/econsent/tests/test_econsent_document_renderer.py",
        "hashed_secret": "a353dfcc7540bda9a8cefffa14ff039e63cb915c",
        "is_verified": false,
        "type": "Hex High Entropy String"
      }
    ],
    "apps/econsent/tests/test_econsent_withdrawal.py": [
      {
        "filename": "apps/econsent/tests/test_econsent_withdrawal.py",
        "hashed_secret": "e3351cf6d1cde011fa34acb9459c048f929f23e8",
        "is_verified": false,
        "type": "Base64 High Entropy String"
      }
    ],
    "apps/web/src/features/signatures/components/BatchSignatureModal.vue": [
      {
        "filename": "apps/web/src/features/signatures/components/BatchSignatureModal.vue",
        "hashed_secret": "5baa61e4c9b93f3f0682250b6cf8331b7ee68fd8",
        "is_verified": false,
        "type": "Secret Keyword"
      }
    ],
    "apps/web/src/features/signatures/components/SignatureCaptureModal.vue": [
      {
        "filename": "apps/web/src/features/signatures/components/SignatureCaptureModal.vue",
        "hashed_secret": "5baa61e4c9b93f3f0682250b6cf8331b7ee68fd8",
        "is_verified": false,
        "type": "Secret Keyword"
      }
    ],
    "apps/web/src/views/QualityCockpitView.vue": [
      {
        "filename": "apps/web/src/views/QualityCockpitView.vue",
        "hashed_secret": "244f421f896bdcdd2784dccf4eaf7c8dfd5189b5",
        "is_verified": false,
        "type": "Hex High Entropy String"
      },
      {
        "filename": "apps/web/src/views/QualityCockpitView.vue",
        "hashed_secret": "e9e8fa9602f37a97a0e3f588c8e49e1bbb756706",
        "is_verified": false,
        "type": "Hex High Entropy String"
      }
    ],
    "apps/web/src/views/TicketsView.vue": [
      {
        "filename": "apps/web/src/views/TicketsView.vue",
        "hashed_secret": "244f421f896bdcdd2784dccf4eaf7c8dfd5189b5",
        "is_verified": false,
        "type": "Hex High Entropy String"
      },
      {
        "filename": "apps/web/src/views/TicketsView.vue",
        "hashed_secret": "bef13e43c4b0260fee5307fe0d73c5d22787d25e",
        "is_verified": false,
        "type": "Hex High Entropy String"
      }
    ],
    "docs/SDLC/03_API_Integration_Specification.md": [
      {
        "filename": "docs/SDLC/03_API_Integration_Specification.md",
        "hashed_secret": "2dfd417dd85586684dc80c32d63a5711afa3f929",
        "is_verified": false,
        "type": "Hex High Entropy String"
      }
    ],
    "docs/SDLC/05_Security_Compliance_Audit_Spec.md": [
      {
        "filename": "docs/SDLC/05_Security_Compliance_Audit_Spec.md",
        "hashed_secret": "f0bf06fba0f891fbcb5a0cff57024d685f55d632",
        "is_verified": false,
        "type": "Hex High Entropy String"
      }
    ],
    "docs/SDLC/06_QA_Validation_Plan.md": [
      {
        "filename": "docs/SDLC/06_QA_Validation_Plan.md",
        "hashed_secret": "428a23807acaa29265fbce83dea346c5589fe947",
        "is_verified": false,
        "type": "Hex High Entropy String"
      },
      {
        "filename": "docs/SDLC/06_QA_Validation_Plan.md",
        "hashed_secret": "543e0644a27d26c1457870246bcbc87e99933681",
        "is_verified": false,
        "type": "Secret Keyword"
      },
      {
        "filename": "docs/SDLC/06_QA_Validation_Plan.md",
        "hashed_secret": "a616a64c0fbc30f12287d0f24f3b90dd2e6a206e",
        "is_verified": false,
        "type": "Secret Keyword"
      }
    ],
    "docs/SDLC/07_Operations_Deployment_Guide.md": [
      {
        "filename": "docs/SDLC/07_Operations_Deployment_Guide.md",
        "hashed_secret": "a3ad66aaca59ab0f238dfa02c4e2dc9329a607d9",
        "is_verified": false,
        "type": "Basic Auth Credentials"
      }
    ]
  },
  "version": "1.5.0"
}
