{
  "filters_used": [
    {
      "path": "detect_secrets.filters.allowlist.is_line_allowlisted"
    },
    {
      "filename": ".secrets.baseline",
      "path": "detect_secrets.filters.common.is_baseline_file"
    },
    {
      "min_level": 2,
      "path": "detect_secrets.filters.common.is_ignored_due_to_verification_policies"
    },
    {
      "path": "detect_secrets.filters.heuristic.is_indirect_reference"
    },
    {
      "path": "detect_secrets.filters.heuristic.is_likely_id_string"
    },
    {
      "path": "detect_secrets.filters.heuristic.is_lock_file"
    },
    {
      "path": "detect_secrets.filters.heuristic.is_not_alphanumeric_string"
    },
    {
      "path": "detect_secrets.filters.heuristic.is_potential_uuid"
    },
    {
      "path": "detect_secrets.filters.heuristic.is_prefixed_with_dollar_sign"
    },
    {
      "path": "detect_secrets.filters.heuristic.is_sequential_string"
    },
    {
      "path": "detect_secrets.filters.heuristic.is_swagger_file"
    },
    {
      "path": "detect_secrets.filters.heuristic.is_templated_secret"
    },
    {
      "path": "detect_secrets.filters.regex.should_exclude_file",
      "pattern": [
        "pnpm-lock.yaml|uv.lock|tests/fixtures/keys/|docs/"
      ]
    }
  ],
  "plugins_used": [
    {
      "name": "ArtifactoryDetector"
    },
    {
      "name": "AWSKeyDetector"
    },
    {
      "name": "AzureStorageKeyDetector"
    },
    {
      "limit": 4.5,
      "name": "Base64HighEntropyString"
    },
    {
      "name": "BasicAuthDetector"
    },
    {
      "name": "CloudantDetector"
    },
    {
      "name": "DiscordBotTokenDetector"
    },
    {
      "name": "GitHubTokenDetector"
    },
    {
      "name": "GitLabTokenDetector"
    },
    {
      "limit": 3.0,
      "name": "HexHighEntropyString"
    },
    {
      "name": "IbmCloudIamDetector"
    },
    {
      "name": "IbmCosHmacDetector"
    },
    {
      "name": "IPPublicDetector"
    },
    {
      "name": "JwtTokenDetector"
    },
    {
      "keyword_exclude": "",
      "name": "KeywordDetector"
    },
    {
      "name": "MailchimpDetector"
    },
    {
      "name": "NpmDetector"
    },
    {
      "name": "OpenAIDetector"
    },
    {
      "name": "PrivateKeyDetector"
    },
    {
      "name": "PypiTokenDetector"
    },
    {
      "name": "SendGridDetector"
    },
    {
      "name": "SlackDetector"
    },
    {
      "name": "SoftlayerDetector"
    },
    {
      "name": "SquareOAuthDetector"
    },
    {
      "name": "StripeDetector"
    },
    {
      "name": "TelegramBotTokenDetector"
    },
    {
      "name": "TwilioKeyDetector"
    }
  ],
  "results": {
    ".env.example": [
      {
        "filename": ".env.example",
        "hashed_secret": "a3ad66aaca59ab0f238dfa02c4e2dc9329a607d9",
        "is_verified": false,
        "type": "Basic Auth Credentials"
      }
    ],
    ".github/workflows/ci.yml": [
      {
        "filename": ".github/workflows/ci.yml",
        "hashed_secret": "a3ad66aaca59ab0f238dfa02c4e2dc9329a607d9",
        "is_verified": false,
        "type": "Secret Keyword"
      },
      {
        "filename": ".github/workflows/ci.yml",
        "hashed_secret": "a3ad66aaca59ab0f238dfa02c4e2dc9329a607d9",
        "is_verified": false,
        "type": "Basic Auth Credentials"
      }
    ],
    "apps/ctms/tests/test_site_startup.py": [
      {
        "filename": "apps/ctms/tests/test_site_startup.py",
        "hashed_secret": "ef678205593788329ff416ce5c65fa04f33a05bd",
        "is_verified": false,
        "type": "Hex High Entropy String"
      }
    ],
    "apps/econsent/tests/test_econsent_api_endpoints.py": [
      {
        "filename": "apps/econsent/tests/test_econsent_api_endpoints.py",
        "hashed_secret": "6740d1ecb48c5c9ca3b2a3cb1ca2f4b4d4487473",
        "is_verified": false,
        "type": "Hex High Entropy String"
      },
      {
        "filename": "apps/econsent/tests/test_econsent_api_endpoints.py",
        "hashed_secret": "4e66b6c05ec775583989e0b76b09bbc821f4bde7",
        "is_verified": false,
        "type": "Base64 High Entropy String"
      }
    ],
    "apps/econsent/tests/test_econsent_cdisc_odm.py": [
      {
        "filename": "apps/econsent/tests/test_econsent_cdisc_odm.py",
        "hashed_secret": "c4bb0105f068258c1b685f222fc4bf606acb152a",
        "is_verified": false,
        "type": "Hex High Entropy String"
      },
      {
        "filename": "apps/econsent/tests/test_econsent_cdisc_odm.py",
        "hashed_secret": "be99024cdecc2ea61ef7b0ce3fb4fcb3df20a95b",
        "is_verified": false,
        "type": "Hex High Entropy String"
      }
    ],
    "apps/econsent/tests/test_econsent_document_renderer.py": [
      {
        "filename": "apps/econsent/tests/test_econsent_document_renderer.py",
        "hashed_secret": "5791c047441b4fb78a1b09e58b77f33f6ddb3ca1",
        "is_verified": false,
        "type": "Hex High Entropy String"
      },
      {
        "filename": "apps/econsent/tests/test_econsent_document_renderer.py",
        "hashed_secret": "a353dfcc7540bda9a8cefffa14ff039e63cb915c",
        "is_verified": false,
        "type": "Hex High Entropy String"
      }
    ],
    "apps/econsent/tests/test_econsent_withdrawal.py": [
      {
        "filename": "apps/econsent/tests/test_econsent_withdrawal.py",
        "hashed_secret": "e3351cf6d1cde011fa34acb9459c048f929f23e8",
        "is_verified": false,
        "type": "Base64 High Entropy String"
      }
    ],
    "apps/gateway/tests/test_gateway.py": [
      {
        "filename": "apps/gateway/tests/test_gateway.py",
        "hashed_secret": "430dd7513b869560a005a2e288bff6be3c844dc8",
        "is_verified": false,
        "type": "Secret Keyword"
      },
      {
        "filename": "apps/gateway/tests/test_gateway.py",
        "hashed_secret": "ff4e6bbe3eb1832f11971df453b442c53a279539",
        "is_verified": false,
        "type": "Secret Keyword"
      },
      {
        "filename": "apps/gateway/tests/test_gateway.py",
        "hashed_secret": "ead45139b19a66368538b7a4dba61780d6564f3d",
        "is_verified": false,
        "type": "Secret Keyword"
      },
      {
        "filename": "apps/gateway/tests/test_gateway.py",
        "hashed_secret": "22c3ba4bfe0dc58c78c219ef2b2300e8a9293216",
        "is_verified": false,
        "type": "Secret Keyword"
      }
    ],
    "apps/web/src/features/signatures/components/BatchSignatureModal.vue": [
      {
        "filename": "apps/web/src/features/signatures/components/BatchSignatureModal.vue",
        "hashed_secret": "5baa61e4c9b93f3f0682250b6cf8331b7ee68fd8",
        "is_verified": false,
        "type": "Secret Keyword"
      }
    ],
    "apps/web/src/features/signatures/components/SignatureCaptureModal.vue": [
      {
        "filename": "apps/web/src/features/signatures/components/SignatureCaptureModal.vue",
        "hashed_secret": "5baa61e4c9b93f3f0682250b6cf8331b7ee68fd8",
        "is_verified": false,
        "type": "Secret Keyword"
      }
    ],
    "apps/web/src/views/ICFBuilderView.vue": [
      {
        "filename": "apps/web/src/views/ICFBuilderView.vue",
        "hashed_secret": "244f421f896bdcdd2784dccf4eaf7c8dfd5189b5",
        "is_verified": false,
        "type": "Hex High Entropy String"
      },
      {
        "filename": "apps/web/src/views/ICFBuilderView.vue",
        "hashed_secret": "f914e2e2cfb4fb9d4029e047d9423d04b46e6434",
        "is_verified": false,
        "type": "Hex High Entropy String"
      }
    ],
    "apps/web/src/views/QualityCockpitView.vue": [
      {
        "filename": "apps/web/src/views/QualityCockpitView.vue",
        "hashed_secret": "244f421f896bdcdd2784dccf4eaf7c8dfd5189b5",
        "is_verified": false,
        "type": "Hex High Entropy String"
      },
      {
        "filename": "apps/web/src/views/QualityCockpitView.vue",
        "hashed_secret": "e9e8fa9602f37a97a0e3f588c8e49e1bbb756706",
        "is_verified": false,
        "type": "Hex High Entropy String"
      }
    ],
    "apps/web/src/views/TicketsView.vue": [
      {
        "filename": "apps/web/src/views/TicketsView.vue",
        "hashed_secret": "244f421f896bdcdd2784dccf4eaf7c8dfd5189b5",
        "is_verified": false,
        "type": "Hex High Entropy String"
      },
      {
        "filename": "apps/web/src/views/TicketsView.vue",
        "hashed_secret": "bef13e43c4b0260fee5307fe0d73c5d22787d25e",
        "is_verified": false,
        "type": "Hex High Entropy String"
      }
    ],
    "apps/web/tests/components/ICFBuilderView.spec.ts": [
      {
        "filename": "apps/web/tests/components/ICFBuilderView.spec.ts",
        "hashed_secret": "f914e2e2cfb4fb9d4029e047d9423d04b46e6434",
        "is_verified": false,
        "type": "Hex High Entropy String"
      }
    ],
    "docker/docker-compose.yml": [
      {
        "filename": "docker/docker-compose.yml",
        "hashed_secret": "a3ad66aaca59ab0f238dfa02c4e2dc9329a607d9",
        "is_verified": false,
        "type": "Secret Keyword"
      }
    ],
    "scripts/tests/test_gxp_decomposed_signatures.py": [
      {
        "filename": "scripts/tests/test_gxp_decomposed_signatures.py",
        "hashed_secret": "d4e0e04792fd434b5dc9c4155c178f66edcf4ed3",
        "is_verified": false,
        "type": "Secret Keyword"
      },
      {
        "filename": "scripts/tests/test_gxp_decomposed_signatures.py",
        "hashed_secret": "f03d58328b7480f1c70f8bc620d1c2b0546a4723",
        "is_verified": false,
        "type": "Secret Keyword"
      }
    ]
  },
  "version": "1.5.0"
}
